{
  "version": "1.5.0",
  "plugins_used": [
    {
      "name": "ArtifactoryDetector"
    },
    {
      "name": "AWSKeyDetector"
    },
    {
      "name": "AzureStorageKeyDetector"
    },
    {
      "name": "Base64HighEntropyString",
      "limit": 4.5
    },
    {
      "name": "BasicAuthDetector"
    },
    {
      "name": "CloudantDetector"
    },
    {
      "name": "DiscordBotTokenDetector"
    },
    {
      "name": "GitHubTokenDetector"
    },
    {
      "name": "GitLabTokenDetector"
    },
    {
      "name": "HexHighEntropyString",
      "limit": 3.0
    },
    {
      "name": "IbmCloudIamDetector"
    },
    {
      "name": "IbmCosHmacDetector"
    },
    {
      "name": "IPPublicDetector"
    },
    {
      "name": "JwtTokenDetector"
    },
    {
      "name": "KeywordDetector",
      "keyword_exclude": ""
    },
    {
      "name": "MailchimpDetector"
    },
    {
      "name": "NpmDetector"
    },
    {
      "name": "OpenAIDetector"
    },
    {
      "name": "PrivateKeyDetector"
    },
    {
      "name": "PypiTokenDetector"
    },
    {
      "name": "SendGridDetector"
    },
    {
      "name": "SlackDetector"
    },
    {
      "name": "SoftlayerDetector"
    },
    {
      "name": "SquareOAuthDetector"
    },
    {
      "name": "StripeDetector"
    },
    {
      "name": "TelegramBotTokenDetector"
    },
    {
      "name": "TwilioKeyDetector"
    }
  ],
  "filters_used": [
    {
      "path": "detect_secrets.filters.allowlist.is_line_allowlisted"
    },
    {
      "path": "detect_secrets.filters.common.is_ignored_due_to_verification_policies",
      "min_level": 2
    },
    {
      "path": "detect_secrets.filters.heuristic.is_indirect_reference"
    },
    {
      "path": "detect_secrets.filters.heuristic.is_likely_id_string"
    },
    {
      "path": "detect_secrets.filters.heuristic.is_lock_file"
    },
    {
      "path": "detect_secrets.filters.heuristic.is_not_alphanumeric_string"
    },
    {
      "path": "detect_secrets.filters.heuristic.is_potential_uuid"
    },
    {
      "path": "detect_secrets.filters.heuristic.is_prefixed_with_dollar_sign"
    },
    {
      "path": "detect_secrets.filters.heuristic.is_sequential_string"
    },
    {
      "path": "detect_secrets.filters.heuristic.is_swagger_file"
    },
    {
      "path": "detect_secrets.filters.heuristic.is_templated_secret"
    },
    {
      "path": "detect_secrets.filters.regex.should_exclude_file",
      "pattern": [
        "\\.md$",
        "audits/.*\\.md$",
        "strategic-searches\\.yaml$"
      ]
    }
  ],
  "results": {
    ".security\\check_prompt_injections.py": [
      {
        "type": "Hex High Entropy String",
        "filename": ".security\\check_prompt_injections.py",
        "hashed_secret": "90bd1b48e958257948487b90bee080ba5ed00caa",
        "is_verified": false,
        "line_number": 183
      }
    ],
    "deploy\\Validation-Helpers.psm1": [
      {
        "type": "Base64 High Entropy String",
        "filename": "deploy\\Validation-Helpers.psm1",
        "hashed_secret": "b173ce3ab26e49197a0a2c968ae03937ead2c080",
        "is_verified": false,
        "line_number": 129
      }
    ],
    "tests\\conftest.py": [
      {
        "type": "Secret Keyword",
        "filename": "tests\\conftest.py",
        "hashed_secret": "49bd8ab22c0e396017fd40ab51315e36b7fd2178",
        "is_verified": false,
        "line_number": 37
      }
    ],
    "tests\\test_basic.py": [
      {
        "type": "Secret Keyword",
        "filename": "tests\\test_basic.py",
        "hashed_secret": "04ef686dd935e1f81da4d08eeb10ada711cefcba",
        "is_verified": false,
        "line_number": 17
      },
      {
        "type": "Secret Keyword",
        "filename": "tests\\test_basic.py",
        "hashed_secret": "c5b62ea9ada21743c6f353e4a45bc8648b377006",
        "is_verified": false,
        "line_number": 33
      }
    ],
    "tests\\test_entropy_security.py": [
      {
        "type": "Secret Keyword",
        "filename": "tests\\test_entropy_security.py",
        "hashed_secret": "29f89fb4bee50051cc56cde711fa6721331ad2a3",
        "is_verified": false,
        "line_number": 143
      },
      {
        "type": "Secret Keyword",
        "filename": "tests\\test_entropy_security.py",
        "hashed_secret": "e052b0f5643f5777f23a48d2f7cea2bdad8dbeb3",
        "is_verified": false,
        "line_number": 157
      }
    ],
    "tests\\test_security.py": [
      {
        "type": "Base64 High Entropy String",
        "filename": "tests\\test_security.py",
        "hashed_secret": "232affc2e6b058828b7ded587b3f06a7991b9198",
        "is_verified": false,
        "line_number": 26
      },
      {
        "type": "Secret Keyword",
        "filename": "tests\\test_security.py",
        "hashed_secret": "14a17913e35b172cd1629f2bb47e8424b9ddf765",
        "is_verified": false,
        "line_number": 87
      },
      {
        "type": "Secret Keyword",
        "filename": "tests\\test_security.py",
        "hashed_secret": "de0e59005a9388c35533bac4be2ff5e8278a2558",
        "is_verified": false,
        "line_number": 243
      },
      {
        "type": "Secret Keyword",
        "filename": "tests\\test_security.py",
        "hashed_secret": "14855b1471f113df7aabb48035807667c38008c2",
        "is_verified": false,
        "line_number": 262
      }
    ]
  },
  "generated_at": "2026-02-22T18:44:13Z"
}
